D	1	p0	idle		
D	1	p1	idle		
D	1	p2	idle		
D	1	p3	idle		
D	1	p4	idle		
D	1	p5	idle		
D	38	p0	idle		
D	46	p1	idle		
D	46	p2	idle		
D	46	p3	idle		
D	46	p4	idle		
D	46	p5	idle		
E	78	told	p0	audience=['p3'];from=p0;subject=warehouse_9;relation=contains;obj=edible;conf=0.8;origin=o:warehouse_9|contains|1;fact_id=o:warehouse_9|contains|1;short=warehouse_9 里有 edible
D	78	p0	idle		
D	93	p1	interact	water_home_1	
D	93	p2	interact	water_home_1	
D	93	p3	move_to	warehouse	
D	93	p4	interact	water_home_4	
D	93	p5	interact	water_home_4	
E	93	intent_failed	p2	target=water_home_1;why=已被他人占用
E	93	intent_failed	p5	target=water_home_4;why=已被他人占用
E	103	interaction_done	p1	entity=water_home_1
E	103	interaction_done	p4	entity=water_home_4
D	103	p1	idle		
D	103	p4	idle		
D	119	p0	interact	water_home_0	
D	123	p3	interact	water_warehouse_5	
E	129	interaction_done	p0	entity=water_home_0
D	129	p0	idle		
E	133	interaction_done	p3	entity=water_warehouse_5
D	133	p3	idle		
D	141	p2	interact	water_home_1	
D	141	p5	interact	water_home_3	
E	151	interaction_done	p2	entity=water_home_1
E	151	interaction_done	p5	entity=water_home_3
D	151	p1	idle		
D	151	p2	idle		
D	151	p4	idle		
D	151	p5	idle		
D	172	p0	idle		
D	181	p3	idle		
D	199	p1	idle		
D	199	p2	idle		
D	199	p4	idle		
D	199	p5	idle		
D	216	p0	idle		
D	229	p3	idle		
D	247	p1	idle		
D	247	p2	idle		
D	247	p4	idle		
D	247	p5	idle		
E	260	told	p0	audience=['p2'];from=p0;subject=warehouse_9;relation=contains;obj=edible;conf=0.8;origin=o:warehouse_9|contains|1;fact_id=o:warehouse_9|contains|1;short=warehouse_9 里有 edible
D	260	p0	idle		
D	277	p3	idle		
D	295	p1	idle		
D	295	p2	move_to	warehouse	
D	295	p4	idle		
D	295	p5	idle		
D	303	p0	idle		
D	325	p2	idle		
D	325	p3	idle		
D	343	p1	idle		
D	343	p4	idle		
D	343	p5	idle		
D	346	p0	idle		
D	373	p2	idle		
D	373	p3	idle		
E	387	told	p0	audience=['p5'];from=p0;subject=warehouse_9;relation=contains;obj=edible;conf=0.8;origin=o:warehouse_9|contains|1;fact_id=o:warehouse_9|contains|1;short=warehouse_9 里有 edible
D	387	p0	idle		
D	391	p1	idle		
D	391	p4	idle		
D	391	p5	move_to	warehouse	
D	420	p2	idle		
D	420	p3	idle		
D	421	p5	idle		
D	427	p0	idle		
D	437	p1	idle		
D	437	p4	idle		
D	465	p0	idle		
D	465	p2	idle		
D	465	p3	idle		
D	466	p5	idle		
D	481	p1	interact	water_home_4	
D	481	p4	interact	water_home_5	
E	491	interaction_done	p1	entity=water_home_4
E	491	interaction_done	p4	entity=water_home_5
D	491	p1	idle		
D	491	p4	idle		
D	501	p0	interact	water_home_1	
D	508	p2	idle		
D	508	p3	interact	water_warehouse_2	
D	508	p5	idle		
E	511	interaction_done	p0	entity=water_home_1
E	511	told	p0	audience=['p4'];from=p0;subject=warehouse_9;relation=contains;obj=edible;conf=0.8;origin=o:warehouse_9|contains|1;fact_id=o:warehouse_9|contains|1;short=warehouse_9 里有 edible
D	511	p0	idle		
E	518	interaction_done	p3	entity=water_warehouse_2
D	518	p3	idle		
D	532	p1	idle		
D	532	p4	move_to	warehouse	
D	545	p0	interact	bed_home_1	
D	548	p2	interact	water_warehouse_0	
D	548	p5	interact	water_warehouse_1	
E	558	interaction_done	p2	entity=water_warehouse_0
E	558	interaction_done	p5	entity=water_warehouse_1
D	558	p2	interact	bed_warehouse_3	
D	558	p3	interact	bed_warehouse_4	
D	558	p5	interact	bed_warehouse_0	
D	562	p4	interact	bed_warehouse_1	
D	571	p1	interact	bed_home_0	
E	874	interaction_done	p0	entity=bed_home_1
D	875	p0	move_to	warehouse	
E	890	interaction_done	p2	entity=bed_warehouse_3
E	890	interaction_done	p3	entity=bed_warehouse_4
E	890	interaction_done	p5	entity=bed_warehouse_0
D	891	p2	idle		
D	891	p3	interact	water_warehouse_5	
D	891	p5	idle		
E	895	interaction_done	p4	entity=bed_warehouse_1
D	896	p4	interact	water_warehouse_4	
E	901	interaction_done	p3	entity=water_warehouse_5
D	901	p3	idle		
D	902	p2	idle		
D	902	p5	idle		
D	905	p0	interact	water_warehouse_3	
E	906	interaction_done	p1	entity=bed_home_0
E	906	interaction_done	p4	entity=water_warehouse_4
D	906	p4	idle		
D	907	p1	interact	water_home_5	
D	912	p3	idle		
D	913	p2	idle		
D	913	p5	idle		
E	915	interaction_done	p0	entity=water_warehouse_3
D	915	p0	idle		
E	917	interaction_done	p1	entity=water_home_5
D	917	p1	idle		
D	917	p4	idle		
D	923	p0	idle		
D	923	p3	idle		
D	924	p2	idle		
D	924	p5	idle		
D	928	p1	idle		
D	928	p4	idle		
D	931	p0	idle		
D	934	p3	idle		
D	935	p2	interact	water_warehouse_2	
D	935	p5	interact	water_warehouse_2	
E	935	intent_failed	p5	target=water_warehouse_2;why=已被他人占用
D	939	p0	idle		
D	939	p1	idle		
D	939	p4	idle		
E	945	interaction_done	p2	entity=water_warehouse_2
D	945	p2	idle		
D	945	p3	idle		
D	946	p5	interact	water_warehouse_3	
D	947	p0	idle		
D	950	p1	idle		
D	950	p4	idle		
E	956	interaction_done	p5	entity=water_warehouse_3
D	956	p0	idle		
D	956	p5	idle		
D	957	p2	idle		
D	957	p3	idle		
D	962	p1	idle		
D	962	p4	idle		
D	965	p0	idle		
D	968	p5	idle		
D	969	p2	idle		
D	969	p3	idle		
D	974	p0	idle		
D	974	p1	idle		
D	974	p4	idle		
D	980	p5	idle		
D	981	p2	idle		
D	981	p3	idle		
D	984	p0	idle		
D	986	p1	idle		
D	986	p4	idle		
D	993	p5	idle		
D	994	p0	idle		
D	994	p2	idle		
D	994	p3	idle		
D	999	p1	idle		
D	999	p4	idle		
D	1005	p0	idle		
D	1006	p5	idle		
D	1007	p2	idle		
D	1007	p3	idle		
D	1012	p1	idle		
D	1012	p4	idle		
D	1016	p0	idle		
D	1020	p5	idle		
D	1021	p2	idle		
D	1021	p3	idle		
D	1026	p1	idle		
D	1026	p4	idle		
D	1028	p0	idle		
D	1035	p5	idle		
D	1036	p2	idle		
D	1036	p3	idle		
D	1040	p0	idle		
D	1041	p1	idle		
D	1041	p4	idle		
D	1050	p5	idle		
D	1051	p2	idle		
D	1051	p3	idle		
D	1053	p0	idle		
D	1057	p1	idle		
D	1057	p4	idle		
D	1066	p5	idle		
D	1067	p0	idle		
D	1067	p2	idle		
D	1067	p3	idle		
D	1073	p1	idle		
D	1074	p4	idle		
D	1082	p0	idle		
D	1083	p5	idle		
D	1084	p2	idle		
D	1084	p3	idle		
D	1091	p1	idle		
D	1092	p4	idle		
D	1098	p0	idle		
D	1101	p5	idle		
D	1102	p2	idle		
D	1102	p3	idle		
D	1110	p1	idle		
D	1111	p4	idle		
D	1115	p0	idle		
D	1121	p5	idle		
D	1122	p2	idle		
D	1122	p3	idle		
D	1130	p1	idle		
D	1131	p4	idle		
D	1134	p0	idle		
D	1142	p5	idle		
D	1143	p2	idle		
D	1143	p3	idle		
D	1152	p1	idle		
D	1153	p4	idle		
D	1154	p0	idle		
D	1165	p5	idle		
D	1166	p2	idle		
D	1166	p3	idle		
D	1175	p1	idle		
D	1176	p0	idle		
D	1177	p4	idle		
D	1190	p5	idle		
D	1191	p2	idle		
D	1191	p3	idle		
D	1200	p0	idle		
D	1200	p1	idle		
D	1202	p4	idle		
D	1217	p5	idle		
D	1218	p2	idle		
D	1218	p3	idle		
D	1226	p0	idle		
D	1227	p1	idle		
D	1230	p4	idle		
D	1246	p5	idle		
D	1247	p2	idle		
D	1247	p3	idle		
D	1254	p0	idle		
D	1257	p1	idle		
D	1260	p4	idle		
D	1277	p5	idle		
D	1278	p2	idle		
D	1278	p3	interact	water_warehouse_1	
D	1285	p0	interact	water_warehouse_3	
E	1288	interaction_done	p3	entity=water_warehouse_1
D	1288	p3	idle		
D	1289	p1	interact	water_home_2	
D	1293	p4	interact	water_warehouse_4	
E	1295	interaction_done	p0	entity=water_warehouse_3
D	1295	p0	idle		
E	1299	interaction_done	p1	entity=water_home_2
D	1299	p1	idle		
E	1303	interaction_done	p4	entity=water_warehouse_4
D	1303	p4	idle		
D	1311	p5	idle		
D	1312	p2	idle		
D	1323	p3	idle		
D	1330	p0	idle		
D	1335	p1	idle		
D	1339	p4	idle		
D	1348	p5	interact	water_warehouse_2	
D	1349	p2	interact	water_warehouse_4	
E	1358	interaction_done	p5	entity=water_warehouse_2
D	1358	p5	idle		
E	1359	interaction_done	p2	entity=water_warehouse_4
D	1359	p2	idle		
D	1361	p3	idle		
D	1368	p0	idle		
D	1374	p1	idle		
D	1378	p4	idle		
D	1399	p5	idle		
D	1400	p2	idle		
D	1402	p3	idle		
D	1409	p0	idle		
D	1416	p1	idle		
D	1420	p4	idle		
D	1443	p5	idle		
D	1444	p2	idle		
D	1446	p3	idle		
D	1453	p0	idle		
D	1461	p1	idle		
D	1465	p4	idle		
D	1489	p5	idle		
D	1490	p2	idle		
D	1492	p3	idle		
D	1500	p0	idle		
D	1508	p1	idle		
D	1512	p4	idle		
D	1537	p5	idle		
D	1538	p2	idle		
D	1540	p3	idle		
D	1548	p0	idle		
D	1556	p1	idle		
D	1560	p4	idle		
D	1585	p5	idle		
D	1586	p2	idle		
D	1588	p3	idle		
D	1596	p0	idle		
D	1604	p1	idle		
D	1608	p4	idle		
D	1633	p5	idle		
D	1634	p2	idle		
D	1636	p3	idle		
D	1644	p0	idle		
D	1652	p1	idle		
D	1656	p4	idle		
D	1681	p5	idle		
D	1682	p2	idle		
D	1684	p3	interact	water_warehouse_5	
D	1692	p0	interact	water_warehouse_0	
E	1694	interaction_done	p3	entity=water_warehouse_5
D	1694	p3	idle		
D	1700	p1	interact	water_home_1	
E	1702	interaction_done	p0	entity=water_warehouse_0
D	1702	p0	idle		
D	1704	p4	interact	water_warehouse_1	
E	1710	interaction_done	p1	entity=water_home_1
D	1710	p1	idle		
E	1714	interaction_done	p4	entity=water_warehouse_1
D	1714	p4	idle		
D	1729	p5	interact	water_warehouse_2	
D	1730	p2	interact	water_warehouse_4	
E	1739	interaction_done	p5	entity=water_warehouse_2
D	1739	p5	idle		
E	1740	interaction_done	p2	entity=water_warehouse_4
D	1740	p2	idle		
D	1742	p3	idle		
D	1750	p0	idle		
D	1758	p1	idle		
D	1762	p4	idle		
D	1787	p5	idle		
D	1788	p2	idle		
D	1790	p3	idle		
D	1798	p0	idle		
D	1806	p1	idle		
D	1810	p4	idle		
D	1835	p5	idle		
D	1836	p2	idle		
D	1837	p3	idle		
D	1845	p0	idle		
D	1853	p1	idle		
D	1857	p4	idle		
D	1880	p5	idle		
D	1881	p2	idle		
D	1882	p3	idle		
D	1890	p0	idle		
D	1897	p1	idle		
D	1901	p4	idle		
D	1923	p5	idle		
D	1924	p2	idle		
D	1925	p3	idle		
D	1932	p0	idle		
D	1939	p1	idle		
D	1942	p4	idle		
D	1963	p5	idle		
D	1964	p2	idle		
D	1965	p3	idle		
D	1972	p0	idle		
D	1978	p1	idle		
D	1981	p4	idle		
D	2001	p5	idle		
D	2002	p2	idle		
D	2003	p3	idle		
D	2009	p0	idle		
D	2015	p1	idle		
D	2018	p4	idle		
D	2036	p5	idle		
D	2037	p2	idle		
D	2038	p3	idle		
D	2044	p0	idle		
D	2049	p1	idle		
D	2052	p4	idle		
D	2069	p5	idle		
D	2070	p2	idle		
D	2071	p3	interact	water_warehouse_3	
D	2077	p0	interact	water_warehouse_1	
E	2081	interaction_done	p3	entity=water_warehouse_3
D	2081	p1	interact	water_home_1	
D	2081	p3	idle		
D	2084	p4	interact	water_warehouse_4	
E	2087	interaction_done	p0	entity=water_warehouse_1
D	2087	p0	idle		
E	2091	interaction_done	p1	entity=water_home_1
D	2091	p1	idle		
E	2094	interaction_done	p4	entity=water_warehouse_4
D	2094	p4	idle		
D	2101	p2	idle		
D	2101	p5	idle		
D	2112	p3	idle		
D	2118	p0	idle		
D	2121	p1	idle		
D	2124	p4	idle		
D	2131	p2	interact	water_warehouse_0	
D	2131	p5	interact	water_warehouse_1	
E	2141	interaction_done	p2	entity=water_warehouse_0
E	2141	interaction_done	p5	entity=water_warehouse_1
D	2141	p2	idle		
D	2141	p3	idle		
D	2141	p5	idle		
D	2147	p0	idle		
D	2150	p1	idle		
D	2153	p4	idle		
D	2169	p2	idle		
D	2169	p3	idle		
D	2169	p5	idle		
D	2175	p0	idle		
D	2178	p1	idle		
D	2181	p4	idle		
D	2196	p2	idle		
D	2196	p3	idle		
D	2196	p5	idle		
D	2202	p0	idle		
D	2205	p1	idle		
D	2208	p4	idle		
D	2222	p2	idle		
D	2222	p3	idle		
D	2222	p5	idle		
D	2228	p0	idle		
D	2231	p1	idle		
D	2234	p4	idle		
D	2248	p2	idle		
D	2248	p3	idle		
D	2248	p5	idle		
D	2254	p0	interact	bed_warehouse_3	
D	2256	p1	idle		
D	2259	p4	idle		
D	2273	p2	interact	bed_warehouse_1	
D	2273	p3	interact	bed_warehouse_1	
D	2273	p5	interact	bed_warehouse_1	
E	2273	intent_failed	p3	target=bed_warehouse_1;why=已被他人占用
E	2273	intent_failed	p5	target=bed_warehouse_1;why=已被他人占用
D	2281	p1	interact	bed_home_0	
D	2284	p4	interact	bed_warehouse_2	
D	2298	p3	interact	bed_warehouse_5	
D	2298	p5	interact	bed_warehouse_0	
E	2583	interaction_done	p0	entity=bed_warehouse_3
D	2584	p0	interact	water_warehouse_5	
E	2594	interaction_done	p0	entity=water_warehouse_5
D	2594	p0	idle		
E	2603	interaction_done	p2	entity=bed_warehouse_1
D	2604	p2	interact	water_warehouse_3	
E	2609	interaction_done	p1	entity=bed_home_0
D	2610	p1	interact	water_home_5	
E	2614	interaction_done	p2	entity=water_warehouse_3
D	2614	p2	idle		
E	2615	interaction_done	p4	entity=bed_warehouse_2
D	2616	p0	idle		
D	2616	p4	interact	water_warehouse_2	
E	2620	interaction_done	p1	entity=water_home_5
D	2620	p1	idle		
E	2626	interaction_done	p4	entity=water_warehouse_2
D	2626	p4	idle		
E	2633	interaction_done	p3	entity=bed_warehouse_5
E	2633	interaction_done	p5	entity=bed_warehouse_0
D	2634	p3	interact	water_warehouse_0	
D	2634	p5	interact	water_warehouse_1	
D	2637	p2	idle		
D	2640	p0	idle		
E	2644	interaction_done	p3	entity=water_warehouse_0
E	2644	interaction_done	p5	entity=water_warehouse_1
D	2644	p1	idle		
D	2644	p3	idle		
D	2644	p5	idle		
D	2650	p4	idle		
D	2662	p2	idle		
D	2666	p0	idle		
D	2670	p1	idle		
D	2670	p3	idle		
D	2670	p5	idle		
D	2676	p4	idle		
D	2690	p2	idle		
D	2694	p0	idle		
D	2698	p1	idle		
D	2698	p3	idle		
D	2698	p5	idle		
D	2705	p4	idle		
D	2720	p2	idle		
D	2725	p0	idle		
D	2729	p1	idle		
D	2729	p3	idle		
D	2729	p5	idle		
D	2736	p4	idle		
D	2753	p2	idle		
D	2758	p0	idle		
D	2763	p1	idle		
D	2763	p3	idle		
D	2763	p5	idle		
D	2770	p4	idle		
D	2789	p2	idle		
D	2794	p0	idle		
D	2800	p1	idle		
D	2800	p3	idle		
D	2800	p5	idle		
D	2807	p4	idle		
D	2828	p2	idle		
D	2833	p0	idle		
D	2840	p1	idle		
D	2840	p3	idle		
D	2840	p5	idle		
D	2847	p4	idle		
D	2870	p2	idle		
D	2875	p0	idle		
D	2883	p1	idle		
D	2883	p3	interact	water_warehouse_3	
D	2883	p5	idle		
D	2890	p4	idle		
E	2893	interaction_done	p3	entity=water_warehouse_3
D	2893	p3	idle		
D	2915	p2	idle		
D	2920	p0	interact	water_warehouse_4	
D	2928	p1	interact	water_home_0	
D	2928	p5	idle		
E	2930	interaction_done	p0	entity=water_warehouse_4
D	2930	p0	idle		
D	2936	p4	interact	water_warehouse_0	
E	2938	interaction_done	p1	entity=water_home_0
D	2938	p1	idle		
D	2939	p3	idle		
E	2946	interaction_done	p4	entity=water_warehouse_0
D	2946	p4	idle		
D	2962	p2	interact	water_warehouse_5	
E	2972	interaction_done	p2	entity=water_warehouse_5
D	2972	p2	idle		
D	2976	p5	interact	water_warehouse_2	
D	2978	p0	idle		
E	2986	interaction_done	p5	entity=water_warehouse_2
D	2986	p1	idle		
D	2986	p5	idle		
D	2987	p3	idle		
D	2994	p4	idle		
D	3020	p2	idle		
D	3026	p0	idle		
D	3034	p1	idle		
D	3034	p5	idle		
D	3035	p3	idle		
D	3042	p4	idle		
D	3068	p2	idle		
D	3074	p0	idle		
D	3082	p1	idle		
D	3082	p5	idle		
D	3083	p3	idle		
D	3090	p4	idle		
D	3116	p2	idle		
D	3122	p0	idle		
D	3130	p1	idle		
D	3130	p5	idle		
D	3131	p3	idle		
D	3138	p4	idle		
D	3164	p2	idle		
D	3170	p0	idle		
D	3178	p1	idle		
D	3178	p5	idle		
D	3179	p3	idle		
D	3186	p4	idle		
D	3212	p2	idle		
D	3218	p0	idle		
D	3226	p1	idle		
D	3226	p5	idle		
D	3227	p3	idle		
D	3234	p4	idle		
D	3260	p2	idle		
D	3265	p0	idle		
D	3273	p1	idle		
D	3273	p5	idle		
D	3274	p3	interact	water_warehouse_3	
D	3281	p4	idle		
E	3284	interaction_done	p3	entity=water_warehouse_3
D	3284	p3	idle		
D	3305	p2	idle		
D	3310	p0	interact	water_warehouse_2	
D	3317	p1	interact	water_home_3	
D	3317	p5	idle		
E	3320	interaction_done	p0	entity=water_warehouse_2
D	3320	p0	idle		
D	3325	p4	interact	water_warehouse_0	
E	3327	interaction_done	p1	entity=water_home_3
D	3327	p1	idle		
D	3328	p3	idle		
E	3335	interaction_done	p4	entity=water_warehouse_0
D	3335	p4	idle		
D	3348	p2	interact	water_warehouse_5	
E	3358	interaction_done	p2	entity=water_warehouse_5
D	3358	p2	idle		
D	3359	p5	interact	water_warehouse_2	
D	3362	p0	idle		
D	3368	p1	idle		
E	3369	interaction_done	p5	entity=water_warehouse_2
D	3369	p3	idle		
D	3369	p5	idle		
D	3376	p4	idle		
D	3397	p2	idle		
D	3401	p0	idle		
D	3407	p1	idle		
D	3407	p3	idle		
D	3407	p5	idle		
D	3414	p4	idle		
D	3434	p2	idle		
D	3437	p0	idle		
D	3443	p1	idle		
D	3443	p3	idle		
D	3443	p5	idle		
D	3449	p4	idle		
D	3468	p2	idle		
D	3471	p0	idle		
D	3476	p3	idle		
D	3476	p5	idle		
D	3477	p1	idle		
D	3482	p4	idle		
D	3500	p2	idle		
D	3503	p0	idle		
D	3507	p3	idle		
D	3507	p5	idle		
D	3508	p1	idle		
D	3513	p4	idle		
D	3530	p2	idle		
D	3533	p0	idle		
D	3536	p3	idle		
D	3536	p5	idle		
D	3538	p1	idle		
D	3542	p4	idle		
D	3558	p2	idle		
D	3561	p0	idle		
D	3564	p3	idle		
D	3564	p5	idle		
D	3566	p1	idle		
D	3570	p4	idle		
D	3585	p2	idle		
D	3588	p0	idle		
D	3590	p3	idle		
D	3590	p5	idle		
D	3592	p1	idle		
D	3596	p4	idle		
D	3611	p2	idle		
D	3614	p0	idle		
D	3615	p3	idle		
D	3615	p5	idle		
D	3617	p1	idle		
D	3621	p4	idle		
D	3636	p2	idle		
D	3639	p0	idle		
D	3639	p3	idle		
D	3639	p5	idle		
D	3641	p1	idle		
D	3645	p4	idle		
D	3660	p2	idle		
D	3662	p3	interact	water_warehouse_4	
D	3662	p5	idle		
D	3663	p0	idle		
D	3665	p1	idle		
D	3668	p4	idle		
E	3672	interaction_done	p3	entity=water_warehouse_4
D	3672	p3	idle		
D	3683	p2	idle		
D	3685	p5	idle		
D	3686	p0	idle		
D	3688	p1	idle		
D	3691	p4	idle		
D	3695	p3	idle		
D	3706	p2	idle		
D	3707	p5	idle		
D	3709	p0	interact	water_warehouse_1	
D	3710	p1	interact	water_home_2	
D	3713	p4	interact	water_warehouse_3	
D	3717	p3	idle		
E	3719	interaction_done	p0	entity=water_warehouse_1
D	3719	p0	idle		
E	3720	interaction_done	p1	entity=water_home_2
D	3720	p1	idle		
E	3723	interaction_done	p4	entity=water_warehouse_3
D	3723	p4	idle		
D	3728	p2	interact	water_warehouse_2	
D	3729	p5	idle		
E	3738	interaction_done	p2	entity=water_warehouse_2
D	3738	p2	idle		
D	3739	p3	idle		
D	3741	p0	idle		
D	3742	p1	idle		
D	3745	p4	idle		
D	3751	p5	interact	water_warehouse_1	
D	3760	p2	idle		
E	3761	interaction_done	p5	entity=water_warehouse_1
D	3761	p3	idle		
D	3761	p5	idle		
D	3763	p0	idle		
D	3764	p1	idle		
D	3767	p4	idle		
D	3782	p2	idle		
D	3783	p3	idle		
D	3783	p5	idle		
D	3785	p0	idle		
D	3786	p1	idle		
D	3789	p4	idle		
D	3804	p2	idle		
D	3805	p3	idle		
D	3805	p5	idle		
D	3807	p0	idle		
D	3808	p1	idle		
D	3811	p4	idle		
D	3826	p2	idle		
D	3827	p3	idle		
D	3827	p5	idle		
D	3830	p0	idle		
D	3830	p1	idle		
D	3834	p4	idle		
D	3849	p2	idle		
D	3850	p3	idle		
D	3850	p5	idle		
D	3853	p0	idle		
D	3853	p1	idle		
D	3857	p4	idle		
D	3873	p2	idle		
D	3873	p3	idle		
D	3873	p5	idle		
D	3877	p0	idle		
D	3877	p1	idle		
D	3881	p4	idle		
D	3897	p2	idle		
D	3897	p3	idle		
D	3897	p5	idle		
D	3901	p1	idle		
D	3902	p0	idle		
D	3905	p4	idle		
D	3922	p2	idle		
D	3922	p3	idle		
D	3922	p5	idle		
D	3926	p1	idle		
D	3928	p0	idle		
D	3930	p4	idle		
D	3948	p2	idle		
D	3948	p3	idle		
D	3948	p5	idle		
D	3952	p1	idle		
D	3955	p0	idle		
D	3957	p4	idle		
D	3975	p2	idle		
D	3975	p3	idle		
D	3975	p5	idle		
D	3980	p1	idle		
D	3983	p0	interact	bed_warehouse_4	
D	3985	p4	idle		
D	4004	p2	interact	bed_warehouse_5	
D	4004	p3	interact	bed_warehouse_3	
D	4004	p5	interact	bed_warehouse_5	
E	4004	intent_failed	p5	target=bed_warehouse_5;why=已被他人占用
D	4009	p1	interact	bed_home_4	
D	4014	p4	interact	bed_warehouse_0	
D	4034	p5	interact	bed_warehouse_1	
E	4316	interaction_done	p0	entity=bed_warehouse_4
D	4317	p0	interact	water_warehouse_4	
E	4327	interaction_done	p0	entity=water_warehouse_4
D	4327	p0	idle		
E	4331	interaction_done	p3	entity=bed_warehouse_3
D	4332	p3	interact	water_warehouse_2	
E	4337	interaction_done	p2	entity=bed_warehouse_5
D	4338	p2	interact	water_warehouse_0	
E	4342	interaction_done	p1	entity=bed_home_4
E	4342	interaction_done	p3	entity=water_warehouse_2
D	4342	p3	idle		
D	4343	p1	interact	water_home_0	
E	4347	interaction_done	p4	entity=bed_warehouse_0
E	4348	interaction_done	p2	entity=water_warehouse_0
D	4348	p2	idle		
D	4348	p4	interact	water_warehouse_2	
E	4353	interaction_done	p1	entity=water_home_0
D	4353	p1	idle		
E	4358	interaction_done	p4	entity=water_warehouse_2
D	4358	p4	idle		
E	4368	interaction_done	p5	entity=bed_warehouse_1
D	4369	p5	interact	water_warehouse_0	
D	4372	p0	idle		
E	4379	interaction_done	p5	entity=water_warehouse_0
D	4379	p5	idle		
D	4388	p3	idle		
D	4394	p2	idle		
D	4399	p1	idle		
D	4405	p4	idle		
D	4419	p0	idle		
D	4427	p5	idle		
D	4436	p3	idle		
D	4442	p2	idle		
D	4447	p1	idle		
D	4453	p4	idle		
D	4467	p0	idle		
D	4475	p5	idle		
D	4484	p3	interact	water_warehouse_3	
D	4490	p2	idle		
E	4494	interaction_done	p3	entity=water_warehouse_3
D	4494	p3	idle		
D	4495	p1	idle		
D	4501	p4	idle		
D	4515	p0	idle		
D	4523	p5	idle		
D	4538	p2	interact	water_warehouse_4	
D	4542	p3	idle		
D	4543	p1	interact	water_home_0	
E	4548	interaction_done	p2	entity=water_warehouse_4
D	4548	p2	idle		
D	4549	p4	interact	water_warehouse_1	
E	4553	interaction_done	p1	entity=water_home_0
D	4553	p1	idle		
E	4559	interaction_done	p4	entity=water_warehouse_1
D	4559	p4	idle		
D	4563	p0	interact	water_warehouse_5	
D	4571	p5	interact	water_warehouse_1	
E	4573	interaction_done	p0	entity=water_warehouse_5
D	4573	p0	idle		
E	4581	interaction_done	p5	entity=water_warehouse_1
D	4581	p5	idle		
D	4590	p3	idle		
D	4596	p2	idle		
D	4601	p1	idle		
D	4607	p4	idle		
D	4621	p0	idle		
D	4629	p5	idle		
D	4638	p3	idle		
D	4644	p2	idle		
D	4649	p1	idle		
D	4655	p4	idle		
D	4669	p0	idle		
D	4677	p5	idle		
D	4686	p3	idle		
D	4691	p2	idle		
D	4696	p1	idle		
D	4702	p4	idle		
D	4715	p0	idle		
D	4723	p5	idle		
D	4731	p3	idle		
D	4736	p2	idle		
D	4741	p1	idle		
D	4746	p4	idle		
D	4759	p0	idle		
D	4766	p5	idle		
D	4773	p3	idle		
D	4778	p2	idle		
D	4783	p1	idle		
D	4787	p4	idle		
D	4800	p0	idle		
D	4806	p5	idle		
D	4813	p3	idle		
D	4817	p2	idle		
D	4822	p1	idle		
D	4826	p4	idle		
D	4838	p0	idle		
D	4843	p5	idle		
D	4850	p3	idle		
D	4854	p2	idle		
D	4858	p1	idle		
D	4862	p4	idle		
D	4873	p0	idle		
D	4878	p5	idle		
D	4884	p3	interact	water_warehouse_1	
D	4888	p2	idle		
D	4892	p1	idle		
E	4894	interaction_done	p3	entity=water_warehouse_1
D	4894	p3	idle		
D	4895	p4	idle		
D	4906	p0	idle		
D	4910	p5	idle		
D	4919	p2	interact	water_warehouse_5	
D	4923	p1	interact	water_home_2	
D	4925	p3	idle		
D	4926	p4	idle		
E	4929	interaction_done	p2	entity=water_warehouse_5
D	4929	p2	idle		
E	4933	interaction_done	p1	entity=water_home_2
D	4933	p1	idle		
D	4936	p0	idle		
D	4940	p5	idle		
D	4954	p3	idle		
D	4955	p4	interact	water_warehouse_1	
D	4958	p2	idle		
D	4961	p1	idle		
D	4964	p0	interact	water_warehouse_4	
E	4965	interaction_done	p4	entity=water_warehouse_1
D	4965	p4	idle		
D	4968	p5	interact	water_warehouse_3	
E	4974	interaction_done	p0	entity=water_warehouse_4
D	4974	p0	idle		
E	4978	interaction_done	p5	entity=water_warehouse_3
D	4978	p5	idle		
D	4981	p3	idle		
D	4985	p2	idle		
D	4988	p1	idle		
D	4991	p4	idle		
D	5000	p0	idle		
D	5003	p5	idle		
D	5007	p3	idle		
D	5010	p2	idle		
D	5013	p1	idle		
D	5016	p4	idle		
D	5025	p0	idle		
D	5027	p5	idle		
D	5031	p3	idle		
D	5034	p2	idle		
D	5037	p1	idle		
D	5040	p4	idle		
D	5048	p0	idle		
D	5050	p5	idle		
D	5054	p3	idle		
D	5057	p2	idle		
D	5060	p1	idle		
D	5062	p4	idle		
D	5070	p0	idle		
D	5072	p5	idle		
D	5076	p3	idle		
D	5079	p2	idle		
D	5082	p1	idle		
D	5084	p4	idle		
D	5092	p0	idle		
D	5093	p5	idle		
D	5097	p3	idle		
D	5100	p2	idle		
D	5103	p1	idle		
D	5105	p4	idle		
D	5113	p0	idle		
D	5113	p5	idle		
D	5118	p3	idle		
D	5120	p2	idle		
D	5123	p1	idle		
D	5125	p4	idle		
D	5133	p0	idle		
D	5133	p5	idle		
D	5138	p3	idle		
D	5140	p2	idle		
D	5143	p1	idle		
D	5145	p4	idle		
D	5152	p5	idle		
D	5153	p0	idle		
D	5158	p3	idle		
D	5160	p2	idle		
D	5162	p1	idle		
D	5164	p4	idle		
D	5171	p5	idle		
D	5173	p0	idle		
D	5177	p3	idle		
D	5179	p2	idle		
D	5181	p1	idle		
D	5183	p4	idle		
D	5190	p5	idle		
D	5192	p0	idle		
D	5196	p3	idle		
D	5198	p2	idle		
D	5200	p1	idle		
D	5202	p4	idle		
D	5209	p5	idle		
D	5211	p0	idle		
D	5215	p3	idle		
D	5217	p2	idle		
D	5219	p1	idle		
D	5221	p4	idle		
D	5228	p5	idle		
D	5230	p0	idle		
D	5234	p3	idle		
D	5236	p2	idle		
D	5238	p1	idle		
D	5240	p4	idle		
D	5247	p5	idle		
D	5250	p0	idle		
D	5254	p3	idle		
D	5256	p2	idle		
D	5257	p1	idle		
D	5259	p4	idle		
D	5266	p5	idle		
D	5270	p0	idle		
D	5274	p3	interact	water_warehouse_3	
D	5276	p2	idle		
D	5277	p1	idle		
D	5279	p4	idle		
E	5284	interaction_done	p3	entity=water_warehouse_3
D	5284	p3	idle		
D	5286	p5	idle		
D	5290	p0	idle		
D	5296	p2	idle		
D	5297	p1	idle		
D	5299	p4	idle		
D	5305	p3	idle		
D	5306	p5	idle		
D	5311	p0	idle		
D	5317	p2	interact	water_warehouse_5	
D	5318	p1	interact	water_home_5	
D	5320	p4	idle		
D	5326	p3	idle		
E	5327	interaction_done	p2	entity=water_warehouse_5
D	5327	p2	idle		
D	5327	p5	idle		
E	5328	interaction_done	p1	entity=water_home_5
D	5328	p1	idle		
D	5333	p0	idle		
D	5342	p4	interact	water_warehouse_3	
D	5348	p3	idle		
D	5349	p2	idle		
D	5349	p5	interact	water_warehouse_5	
D	5350	p1	idle		
E	5352	interaction_done	p4	entity=water_warehouse_3
D	5352	p4	idle		
D	5355	p0	interact	water_warehouse_4	
E	5359	interaction_done	p5	entity=water_warehouse_5
D	5359	p5	idle		
E	5365	interaction_done	p0	entity=water_warehouse_4
D	5365	p0	idle		
D	5371	p3	idle		
D	5372	p2	idle		
D	5373	p1	idle		
D	5375	p4	idle		
D	5382	p5	idle		
D	5389	p0	idle		
D	5395	p3	idle		
D	5396	p2	idle		
D	5397	p1	idle		
D	5399	p4	idle		
D	5406	p5	idle		
D	5414	p0	idle		
D	5420	p3	idle		
D	5421	p2	idle		
D	5422	p1	idle		
D	5424	p4	idle		
D	5432	p5	idle		
D	5441	p0	idle		
D	5447	p3	idle		
D	5448	p2	idle		
D	5449	p1	idle		
D	5451	p4	idle		
D	5459	p5	idle		
D	5469	p0	idle		
D	5475	p3	idle		
D	5476	p2	idle		
D	5478	p1	idle		
D	5480	p4	idle		
D	5488	p5	idle		
D	5499	p0	idle		
D	5505	p3	idle		
D	5506	p2	idle		
D	5508	p1	idle		
D	5511	p4	idle		
D	5519	p5	idle		
D	5531	p0	idle		
D	5537	p3	idle		
D	5538	p2	idle		
D	5540	p1	idle		
D	5544	p4	idle		
D	5552	p5	idle		
D	5565	p0	idle		
D	5572	p3	idle		
D	5573	p2	idle		
D	5575	p1	idle		
D	5579	p4	idle		
D	5587	p5	idle		
D	5602	p0	idle		
D	5609	p3	idle		
D	5610	p2	idle		
D	5612	p1	idle		
D	5616	p4	idle		
D	5625	p5	idle		
D	5641	p0	idle		
D	5649	p3	idle		
D	5650	p2	idle		
D	5652	p1	idle		
D	5656	p4	idle		
D	5665	p5	idle		
D	5683	p0	idle		
D	5691	p3	interact	water_warehouse_3	
D	5692	p2	idle		
D	5694	p1	idle		
D	5699	p4	idle		
E	5701	interaction_done	p3	entity=water_warehouse_3
D	5701	p3	idle		
D	5708	p5	idle		
D	5727	p0	interact	bed_warehouse_3	
D	5737	p2	interact	water_warehouse_5	
D	5739	p1	interact	water_home_0	
D	5744	p4	interact	water_warehouse_1	
D	5746	p3	interact	bed_warehouse_0	
E	5747	interaction_done	p2	entity=water_warehouse_5
D	5747	p2	interact	bed_warehouse_1	
E	5749	interaction_done	p1	entity=water_home_0
D	5749	p1	interact	bed_home_4	
E	5754	interaction_done	p4	entity=water_warehouse_1
D	5754	p4	interact	bed_warehouse_2	
D	5754	p5	interact	water_warehouse_1	
E	5764	interaction_done	p5	entity=water_warehouse_1
D	5764	p5	interact	bed_warehouse_5	
E	6063	interaction_done	p0	entity=bed_warehouse_3
D	6064	p0	interact	water_warehouse_4	
E	6074	interaction_done	p0	entity=water_warehouse_4
D	6074	p0	idle		
E	6083	interaction_done	p3	entity=bed_warehouse_0
E	6083	interaction_done	p2	entity=bed_warehouse_1
E	6084	interaction_done	p1	entity=bed_home_4
D	6084	p2	idle		
D	6084	p3	interact	water_warehouse_1	
D	6085	p1	idle		
E	6089	interaction_done	p4	entity=bed_warehouse_2
D	6090	p4	idle		
E	6094	interaction_done	p3	entity=water_warehouse_1
D	6094	p3	idle		
E	6096	interaction_done	p5	entity=bed_warehouse_5
D	6097	p5	idle		
D	6121	p0	idle		
D	6131	p2	interact	water_warehouse_4	
D	6132	p1	interact	water_home_4	
D	6136	p4	interact	water_warehouse_0	
D	6140	p3	idle		
E	6141	interaction_done	p2	entity=water_warehouse_4
D	6141	p2	idle		
E	6142	interaction_done	p1	entity=water_home_4
D	6142	p1	idle		
D	6143	p5	interact	water_warehouse_4	
E	6146	interaction_done	p4	entity=water_warehouse_0
D	6146	p4	idle		
E	6153	interaction_done	p5	entity=water_warehouse_4
D	6153	p5	idle		
D	6166	p0	interact	water_warehouse_5	
E	6176	interaction_done	p0	entity=water_warehouse_5
D	6176	p0	idle		
D	6183	p3	idle		
D	6184	p2	idle		
D	6185	p1	idle		
D	6189	p4	idle		
D	6196	p5	idle		
D	6217	p0	idle		
D	6224	p3	idle		
D	6225	p1	idle		
D	6225	p2	idle		
D	6229	p4	idle		
D	6236	p5	idle		
D	6255	p0	idle		
D	6262	p3	idle		
D	6263	p1	idle		
D	6263	p2	idle		
D	6266	p4	idle		
D	6273	p5	idle		
D	6290	p0	idle		
D	6297	p3	idle		
D	6298	p1	idle		
D	6298	p2	idle		
D	6300	p4	idle		
D	6307	p5	idle		
D	6323	p0	idle		
D	6329	p3	idle		
D	6330	p1	idle		
D	6330	p2	idle		
D	6332	p4	idle		
D	6338	p5	idle		
D	6353	p0	idle		
D	6359	p1	idle		
D	6359	p2	idle		
D	6359	p3	idle		
D	6361	p4	idle		
D	6367	p5	idle		
D	6381	p0	idle		
D	6386	p1	idle		
D	6386	p2	idle		
D	6386	p3	idle		
D	6388	p4	idle		
D	6394	p5	idle		
D	6407	p0	idle		
D	6411	p1	idle		
D	6411	p2	idle		
D	6411	p3	idle		
D	6413	p4	idle		
D	6419	p5	idle		
D	6431	p0	idle		
D	6435	p1	idle		
D	6435	p2	idle		
D	6435	p3	idle		
D	6437	p4	idle		
D	6442	p5	idle		
D	6454	p0	idle		
D	6457	p1	idle		
D	6457	p2	idle		
D	6457	p3	idle		
D	6459	p4	idle		
D	6464	p5	idle		
D	6475	p0	idle		
D	6478	p1	idle		
D	6478	p2	idle		
D	6478	p3	interact	water_warehouse_3	
D	6480	p4	idle		
D	6485	p5	idle		
E	6488	interaction_done	p3	entity=water_warehouse_3
D	6488	p3	idle		
D	6495	p0	idle		
D	6498	p1	idle		
D	6498	p2	idle		
D	6500	p4	idle		
D	6505	p5	idle		
D	6508	p3	idle		
D	6514	p0	idle		
D	6517	p1	interact	water_home_5	
D	6517	p2	interact	water_warehouse_0	
D	6519	p4	interact	water_warehouse_3	
D	6524	p5	interact	water_warehouse_2	
E	6527	interaction_done	p1	entity=water_home_5
E	6527	interaction_done	p2	entity=water_warehouse_0
D	6527	p1	idle		
D	6527	p2	idle		
D	6527	p3	idle		
E	6529	interaction_done	p4	entity=water_warehouse_3
D	6529	p4	idle		
D	6533	p0	idle		
E	6534	interaction_done	p5	entity=water_warehouse_2
D	6534	p5	idle		
D	6545	p1	idle		
D	6545	p2	idle		
D	6545	p3	idle		
D	6547	p4	idle		
D	6551	p0	interact	water_warehouse_1	
D	6552	p5	idle		
E	6561	interaction_done	p0	entity=water_warehouse_1
D	6561	p0	idle		
D	6562	p1	idle		
D	6562	p2	idle		
D	6562	p3	idle		
D	6564	p4	idle		
D	6569	p5	idle		
D	6578	p0	idle		
D	6579	p1	idle		
D	6579	p2	idle		
D	6579	p3	idle		
D	6581	p4	idle		
D	6586	p5	idle		
D	6595	p0	idle		
D	6596	p1	idle		
D	6596	p2	idle		
D	6596	p3	idle		
D	6598	p4	idle		
D	6602	p5	idle		
D	6612	p0	idle		
D	6612	p1	idle		
D	6612	p2	idle		
D	6612	p3	idle		
D	6614	p4	idle		
D	6618	p5	idle		
D	6628	p0	idle		
D	6628	p1	idle		
D	6628	p2	idle		
D	6628	p3	idle		
D	6630	p4	idle		
D	6634	p5	idle		
D	6644	p0	idle		
D	6644	p1	idle		
D	6644	p2	idle		
D	6644	p3	idle		
D	6646	p4	idle		
D	6650	p5	idle		
D	6660	p0	idle		
D	6660	p1	idle		
D	6660	p2	idle		
D	6660	p3	idle		
D	6662	p4	idle		
D	6666	p5	idle		
D	6676	p1	idle		
D	6676	p2	idle		
D	6676	p3	idle		
D	6677	p0	idle		
D	6678	p4	idle		
D	6682	p5	idle		
D	6693	p1	idle		
D	6693	p2	idle		
D	6693	p3	idle		
D	6694	p0	idle		
D	6694	p4	idle		
D	6698	p5	idle		
D	6710	p1	idle		
D	6710	p2	idle		
D	6710	p3	idle		
D	6711	p0	idle		
D	6711	p4	idle		
D	6715	p5	idle		
D	6727	p1	idle		
D	6727	p2	idle		
D	6727	p3	idle		
D	6728	p0	idle		
D	6728	p4	idle		
D	6732	p5	idle		
D	6745	p1	idle		
D	6745	p2	idle		
D	6745	p3	idle		
D	6746	p0	idle		
D	6746	p4	idle		
D	6750	p5	idle		
D	6763	p1	idle		
D	6763	p2	idle		
D	6763	p3	idle		
D	6764	p4	idle		
D	6765	p0	idle		
D	6768	p5	idle		
D	6782	p1	idle		
D	6782	p2	idle		
D	6782	p3	idle		
D	6783	p4	idle		
D	6784	p0	idle		
D	6787	p5	idle		
D	6802	p1	idle		
D	6802	p2	idle		
D	6802	p3	idle		
D	6803	p4	idle		
D	6804	p0	idle		
D	6807	p5	idle		
D	6823	p1	idle		
D	6823	p2	idle		
D	6823	p3	idle		
D	6824	p4	idle		
D	6825	p0	idle		
D	6828	p5	idle		
D	6845	p1	idle		
D	6845	p2	idle		
D	6845	p3	idle		
D	6846	p4	idle		
D	6847	p0	idle		
D	6850	p5	idle		
D	6868	p1	idle		
D	6868	p2	idle		
D	6868	p3	interact	water_warehouse_3	
D	6869	p4	idle		
D	6871	p0	idle		
D	6873	p5	idle		
E	6878	interaction_done	p3	entity=water_warehouse_3
D	6878	p3	idle		
D	6893	p1	idle		
D	6893	p2	idle		
D	6894	p4	idle		
D	6896	p0	idle		
D	6898	p5	idle		
D	6903	p3	idle		
D	6919	p1	interact	water_home_0	
D	6919	p2	interact	water_warehouse_1	
D	6920	p4	interact	water_warehouse_5	
D	6923	p0	idle		
D	6925	p5	interact	water_warehouse_4	
E	6929	interaction_done	p1	entity=water_home_0
E	6929	interaction_done	p2	entity=water_warehouse_1
D	6929	p1	idle		
D	6929	p2	idle		
E	6930	interaction_done	p4	entity=water_warehouse_5
D	6930	p3	idle		
D	6930	p4	idle		
E	6935	interaction_done	p5	entity=water_warehouse_4
D	6935	p5	idle		
D	6952	p0	interact	water_warehouse_5	
D	6958	p1	idle		
D	6958	p2	idle		
D	6959	p3	idle		
D	6959	p4	idle		
E	6962	interaction_done	p0	entity=water_warehouse_5
D	6962	p0	idle		
D	6964	p5	idle		
D	6989	p1	idle		
D	6989	p2	idle		
D	6990	p3	idle		
D	6990	p4	idle		
D	6994	p0	idle		
D	6995	p5	idle		
D	7022	p1	idle		
D	7022	p2	idle		
D	7023	p4	idle		
D	7024	p3	idle		
D	7028	p0	idle		
D	7029	p5	idle		
D	7058	p1	idle		
D	7058	p2	idle		
D	7059	p4	idle		
D	7060	p3	idle		
D	7065	p0	idle		
D	7065	p5	idle		
D	7097	p1	idle		
D	7097	p2	idle		
D	7098	p4	idle		
D	7099	p3	idle		
D	7104	p0	idle		
D	7104	p5	idle		
D	7138	p1	idle		
D	7138	p2	idle		
D	7139	p4	idle		
D	7141	p3	idle		
D	7146	p0	idle		
D	7146	p5	idle		
D	7182	p1	idle		
D	7182	p2	idle		
D	7183	p4	idle		
D	7185	p3	idle		
D	7191	p0	idle		
D	7191	p5	idle		
D	7229	p1	idle		
D	7229	p2	idle		
D	7230	p4	idle		
D	7232	p3	idle		
D	7238	p0	idle		
D	7238	p5	idle		
D	7277	p1	idle		
D	7277	p2	idle		
D	7278	p4	idle		
D	7280	p3	interact	water_warehouse_2	
D	7286	p0	idle		
D	7286	p5	idle		
E	7290	interaction_done	p3	entity=water_warehouse_2
D	7290	p3	idle		
D	7325	p1	interact	water_home_1	
D	7325	p2	interact	water_warehouse_1	
D	7326	p4	interact	water_warehouse_2	
D	7334	p0	interact	water_warehouse_0	
D	7334	p5	interact	water_warehouse_4	
E	7335	interaction_done	p1	entity=water_home_1
E	7335	interaction_done	p2	entity=water_warehouse_1
D	7335	p1	idle		
D	7335	p2	idle		
E	7336	interaction_done	p4	entity=water_warehouse_2
D	7336	p4	idle		
D	7338	p3	idle		
E	7344	interaction_done	p0	entity=water_warehouse_0
E	7344	interaction_done	p5	entity=water_warehouse_4
D	7344	p0	idle		
D	7344	p5	idle		
D	7383	p1	idle		
D	7383	p2	idle		
D	7384	p4	idle		
D	7386	p3	idle		
D	7392	p0	idle		
D	7392	p5	idle		
D	7431	p1	idle		
D	7431	p2	idle		
D	7432	p4	idle		
D	7434	p3	idle		
D	7440	p0	interact	bed_warehouse_0	
D	7440	p5	idle		
D	7479	p1	interact	bed_home_1	
D	7479	p2	interact	bed_warehouse_5	
D	7480	p4	interact	bed_warehouse_1	
D	7482	p3	interact	bed_warehouse_4	
D	7488	p5	interact	bed_warehouse_3	
E	7768	interaction_done	p0	entity=bed_warehouse_0
D	7769	p0	interact	water_warehouse_0	
E	7779	interaction_done	p0	entity=water_warehouse_0
D	7779	p0	idle		
D	7806	p0	idle		
E	7811	interaction_done	p1	entity=bed_home_1
E	7811	interaction_done	p2	entity=bed_warehouse_5
E	7811	interaction_done	p4	entity=bed_warehouse_1
D	7812	p1	interact	water_home_5	
D	7812	p2	interact	water_warehouse_2	
D	7812	p4	interact	water_warehouse_0	
E	7815	interaction_done	p3	entity=bed_warehouse_4
D	7816	p3	interact	water_warehouse_5	
E	7820	interaction_done	p5	entity=bed_warehouse_3
D	7821	p5	interact	water_warehouse_4	
E	7822	interaction_done	p1	entity=water_home_5
E	7822	interaction_done	p2	entity=water_warehouse_2
E	7822	interaction_done	p4	entity=water_warehouse_0
D	7822	p1	idle		
D	7822	p2	idle		
D	7822	p4	idle		
E	7826	interaction_done	p3	entity=water_warehouse_5
D	7826	p3	idle		
E	7831	interaction_done	p5	entity=water_warehouse_4
D	7831	p0	idle		
D	7831	p5	idle		
D	7846	p1	idle		
D	7846	p2	idle		
D	7846	p4	idle		
D	7849	p3	idle		
D	7854	p0	idle		
D	7854	p5	idle		
D	7868	p1	idle		
D	7868	p2	idle		
D	7868	p4	idle		
D	7871	p3	idle		
D	7875	p5	idle		
D	7876	p0	idle		
D	7888	p1	idle		
D	7888	p2	idle		
D	7888	p4	idle		
D	7891	p3	idle		
D	7895	p5	idle		
D	7896	p0	idle		
D	7907	p1	idle		
D	7907	p2	idle		
D	7907	p4	idle		
D	7910	p3	idle		
D	7914	p5	idle		
D	7915	p0	idle		
D	7925	p1	idle		
D	7925	p2	idle		
D	7925	p4	idle		
D	7928	p3	idle		
D	7932	p5	idle		
D	7933	p0	idle		
D	7942	p1	idle		
D	7942	p2	idle		
D	7942	p4	idle		
D	7945	p3	idle		
D	7949	p5	idle		
D	7950	p0	idle		
D	7958	p1	idle		
D	7958	p2	idle		
D	7958	p4	idle		
D	7961	p3	idle		
D	7965	p5	idle		
D	7966	p0	idle		
D	7974	p1	idle		
D	7974	p2	idle		
D	7974	p4	idle		
D	7977	p3	idle		
D	7980	p5	idle		
D	7982	p0	idle		
D	7989	p1	idle		
D	7989	p2	idle		
D	7989	p4	idle		
D	7992	p3	idle		
D	7995	p5	idle		
D	7997	p0	idle		
D	8004	p1	idle		
D	8004	p2	idle		
D	8004	p4	idle		
D	8006	p3	idle		
D	8009	p5	idle		
D	8012	p0	idle		
D	8018	p1	idle		
D	8018	p2	idle		
D	8018	p4	idle		
D	8020	p3	idle		
D	8023	p5	idle		
D	8026	p0	idle		
D	8032	p1	idle		
D	8032	p2	idle		
D	8032	p4	idle		
D	8034	p3	idle		
D	8037	p5	idle		
D	8040	p0	idle		
D	8046	p1	idle		
D	8046	p2	idle		
D	8046	p4	idle		
D	8048	p3	idle		
D	8050	p5	idle		
D	8054	p0	idle		
D	8059	p1	idle		
D	8059	p2	idle		
D	8059	p4	idle		
D	8061	p3	idle		
D	8063	p5	idle		
D	8068	p0	idle		
D	8072	p1	idle		
D	8072	p2	idle		
D	8072	p4	idle		
D	8074	p3	idle		
D	8076	p5	idle		
D	8082	p0	idle		
D	8085	p1	idle		
D	8085	p2	idle		
D	8085	p4	idle		
D	8087	p3	idle		
D	8089	p5	idle		
D	8096	p0	idle		
D	8098	p1	idle		
D	8098	p2	idle		
D	8098	p4	idle		
D	8100	p3	interact	water_warehouse_2	
D	8102	p5	idle		
E	8110	interaction_done	p3	entity=water_warehouse_2
D	8110	p0	idle		
D	8110	p3	idle		
D	8111	p1	idle		
D	8111	p2	idle		
D	8111	p4	idle		
D	8115	p5	idle		
D	8124	p0	idle		
D	8124	p3	idle		
D	8125	p1	idle		
D	8125	p2	idle		
D	8125	p4	idle		
D	8129	p5	idle		
D	8138	p0	idle		
D	8138	p3	idle		
D	8139	p1	interact	water_home_3	
D	8139	p2	interact	water_warehouse_4	
D	8139	p4	interact	water_warehouse_4	
E	8139	intent_failed	p4	target=water_warehouse_4;why=已被他人占用
D	8143	p5	idle		
E	8149	interaction_done	p1	entity=water_home_3
E	8149	interaction_done	p2	entity=water_warehouse_4
D	8149	p1	idle		
D	8149	p2	idle		
D	8152	p3	idle		
D	8153	p0	interact	water_warehouse_2	
D	8153	p4	interact	water_warehouse_1	
D	8157	p5	interact	water_warehouse_5	
E	8163	interaction_done	p0	entity=water_warehouse_2
E	8163	interaction_done	p4	entity=water_warehouse_1
D	8163	p0	idle		
D	8163	p1	idle		
D	8163	p2	idle		
D	8163	p4	idle		
D	8166	p3	idle		
E	8167	interaction_done	p5	entity=water_warehouse_5
D	8167	p5	idle		
D	8178	p0	idle		
D	8178	p1	idle		
D	8178	p2	idle		
D	8178	p4	idle		
D	8181	p3	idle		
D	8182	p5	idle		
D	8193	p1	idle		
D	8193	p2	idle		
D	8193	p4	idle		
D	8194	p0	idle		
D	8196	p3	idle		
D	8197	p5	idle		
D	8209	p1	idle		
D	8209	p2	idle		
D	8209	p4	idle		
D	8210	p0	idle		
D	8212	p3	idle		
D	8213	p5	idle		
D	8226	p1	idle		
D	8226	p2	idle		
D	8226	p4	idle		
D	8227	p0	idle		
D	8229	p3	idle		
D	8230	p5	idle		
D	8243	p1	idle		
D	8243	p2	idle		
D	8243	p4	idle		
D	8245	p0	idle		
D	8247	p3	idle		
D	8248	p5	idle		
D	8261	p1	idle		
D	8261	p2	idle		
D	8261	p4	idle		
D	8264	p0	idle		
D	8265	p3	idle		
D	8266	p5	idle		
D	8280	p1	idle		
D	8280	p2	idle		
D	8280	p4	idle		
D	8284	p0	idle		
D	8285	p3	idle		
D	8286	p5	idle		
D	8301	p1	idle		
D	8301	p2	idle		
D	8301	p4	idle		
D	8305	p0	idle		
D	8306	p3	idle		
D	8307	p5	idle		
D	8323	p1	idle		
D	8323	p2	idle		
D	8323	p4	idle		
D	8328	p0	idle		
D	8328	p3	idle		
D	8329	p5	idle		
D	8346	p1	idle		
D	8346	p2	idle		
D	8346	p4	idle		
D	8352	p0	idle		
D	8352	p3	idle		
D	8353	p5	idle		
D	8371	p1	idle		
D	8371	p2	idle		
D	8371	p4	idle		
D	8378	p0	idle		
D	8378	p3	idle		
D	8379	p5	idle		
D	8398	p1	idle		
D	8398	p2	idle		
D	8398	p4	idle		
D	8406	p0	idle		
D	8406	p3	idle		
D	8407	p5	idle		
D	8427	p1	idle		
D	8427	p2	idle		
D	8427	p4	idle		
D	8436	p0	idle		
D	8436	p3	idle		
D	8437	p5	idle		
D	8459	p1	idle		
D	8459	p2	idle		
D	8459	p4	idle		
D	8468	p0	idle		
D	8468	p3	idle		
D	8469	p5	idle		
D	8493	p1	idle		
D	8493	p2	idle		
D	8493	p4	idle		
D	8503	p0	idle		
D	8503	p3	interact	water_warehouse_2	
D	8504	p5	idle		
E	8513	interaction_done	p3	entity=water_warehouse_2
D	8513	p3	idle		
D	8530	p1	interact	water_home_4	
D	8530	p2	interact	water_warehouse_2	
D	8530	p4	idle		
E	8540	interaction_done	p1	entity=water_home_4
E	8540	interaction_done	p2	entity=water_warehouse_2
D	8540	p1	idle		
D	8540	p2	idle		
D	8541	p0	interact	water_warehouse_3	
D	8542	p5	interact	water_warehouse_5	
E	8551	interaction_done	p0	entity=water_warehouse_3
D	8551	p0	idle		
D	8551	p3	idle		
E	8552	interaction_done	p5	entity=water_warehouse_5
D	8552	p5	idle		
D	8570	p4	interact	water_warehouse_4	
E	8580	interaction_done	p4	entity=water_warehouse_4
D	8580	p1	idle		
D	8580	p2	idle		
D	8580	p4	idle		
D	8592	p0	idle		
D	8592	p3	idle		
D	8593	p5	idle		
D	8623	p1	idle		
D	8623	p2	idle		
D	8623	p4	idle		
D	8636	p0	idle		
D	8636	p3	idle		
D	8637	p5	idle		
D	8669	p1	idle		
D	8669	p2	idle		
D	8669	p4	idle		
D	8683	p0	idle		
D	8683	p3	idle		
D	8684	p5	idle		
D	8717	p1	idle		
D	8717	p2	idle		
D	8717	p4	idle		
D	8731	p0	idle		
D	8731	p3	idle		
D	8732	p5	idle		
D	8765	p1	idle		
D	8765	p2	idle		
D	8765	p4	idle		
D	8779	p0	idle		
D	8779	p3	idle		
D	8780	p5	idle		
D	8813	p1	idle		
D	8813	p2	idle		
D	8813	p4	idle		
D	8827	p0	idle		
D	8827	p3	idle		
D	8828	p5	idle		
D	8861	p1	idle		
D	8861	p2	idle		
D	8861	p4	idle		
D	8875	p0	idle		
D	8875	p3	idle		
D	8876	p5	idle		
D	8909	p1	interact	water_home_4	
D	8909	p2	interact	water_warehouse_0	
D	8909	p4	idle		
E	8919	interaction_done	p1	entity=water_home_4
E	8919	interaction_done	p2	entity=water_warehouse_0
D	8919	p1	idle		
D	8919	p2	idle		
D	8923	p0	interact	water_warehouse_5	
D	8923	p3	interact	water_warehouse_0	
D	8924	p5	interact	water_warehouse_3	
E	8933	interaction_done	p0	entity=water_warehouse_5
E	8933	interaction_done	p3	entity=water_warehouse_0
D	8933	p0	idle		
D	8933	p3	idle		
E	8934	interaction_done	p5	entity=water_warehouse_3
D	8934	p5	idle		
D	8957	p4	interact	water_warehouse_4	
E	8967	interaction_done	p4	entity=water_warehouse_4
D	8967	p1	idle		
D	8967	p2	idle		
D	8967	p4	idle		
D	8981	p0	idle		
D	8981	p3	idle		
D	8982	p5	idle		
D	9015	p1	idle		
D	9015	p2	idle		
D	9015	p4	idle		
D	9029	p0	idle		
D	9029	p3	idle		
D	9030	p5	idle		
D	9062	p1	idle		
D	9062	p2	idle		
D	9062	p4	idle		
D	9075	p3	idle		
D	9076	p0	idle		
D	9076	p5	idle		
D	9107	p1	idle		
D	9107	p2	idle		
D	9107	p4	idle		
D	9119	p3	idle		
D	9120	p0	idle		
D	9120	p5	idle		
D	9149	p1	idle		
D	9149	p2	idle		
D	9149	p4	idle		
D	9161	p3	idle		
D	9162	p0	interact	bed_warehouse_0	
D	9162	p5	idle		
D	9189	p1	interact	bed_home_1	
D	9189	p2	interact	bed_warehouse_4	
D	9189	p4	interact	bed_warehouse_2	
D	9200	p3	interact	bed_warehouse_1	
D	9201	p5	interact	bed_warehouse_5	
E	9494	interaction_done	p0	entity=bed_warehouse_0
D	9495	p0	interact	water_warehouse_4	
E	9505	interaction_done	p0	entity=water_warehouse_4
D	9505	p0	idle		
D	9516	p0	idle		
E	9517	interaction_done	p1	entity=bed_home_1
E	9517	interaction_done	p2	entity=bed_warehouse_4
E	9517	interaction_done	p4	entity=bed_warehouse_2
D	9518	p1	interact	water_home_2	
D	9518	p2	interact	water_warehouse_1	
D	9518	p4	interact	water_warehouse_1	
E	9518	intent_failed	p4	target=water_warehouse_1;why=已被他人占用
D	9527	p0	idle		
E	9528	interaction_done	p1	entity=water_home_2
E	9528	interaction_done	p2	entity=water_warehouse_1
D	9528	p1	idle		
D	9528	p2	idle		
D	9529	p4	interact	water_warehouse_1	
E	9530	interaction_done	p3	entity=bed_warehouse_1
E	9530	interaction_done	p5	entity=bed_warehouse_5
D	9531	p3	interact	water_warehouse_0	
D	9531	p5	interact	water_warehouse_3	
D	9538	p0	idle		
E	9539	interaction_done	p4	entity=water_warehouse_1
D	9539	p1	idle		
D	9539	p2	idle		
D	9539	p4	idle		
E	9541	interaction_done	p3	entity=water_warehouse_0
E	9541	interaction_done	p5	entity=water_warehouse_3
D	9541	p3	idle		
D	9541	p5	idle		
D	9549	p0	idle		
D	9550	p1	idle		
D	9550	p2	idle		
D	9550	p4	idle		
D	9552	p3	idle		
D	9552	p5	idle		
D	9560	p0	idle		
D	9561	p1	idle		
D	9561	p2	idle		
D	9561	p4	idle		
D	9563	p3	idle		
D	9563	p5	idle		
D	9571	p0	idle		
D	9572	p1	idle		
D	9572	p2	idle		
D	9572	p4	idle		
D	9574	p3	idle		
D	9574	p5	idle		
D	9583	p0	idle		
D	9583	p1	idle		
D	9583	p2	idle		
D	9583	p4	idle		
D	9585	p3	idle		
D	9585	p5	idle		
D	9595	p0	idle		
D	9595	p1	idle		
D	9595	p2	idle		
D	9595	p4	idle		
D	9597	p3	idle		
D	9597	p5	idle		
D	9607	p0	idle		
D	9607	p1	idle		
D	9607	p2	idle		
D	9607	p4	idle		
D	9609	p3	idle		
D	9609	p5	idle		
D	9619	p1	idle		
D	9619	p2	idle		
D	9619	p4	idle		
D	9620	p0	idle		
D	9621	p3	idle		
D	9621	p5	idle		
D	9632	p1	idle		
D	9632	p2	idle		
D	9632	p4	idle		
D	9633	p0	idle		
D	9634	p3	idle		
D	9634	p5	idle		
D	9645	p1	idle		
D	9645	p2	idle		
D	9645	p4	idle		
D	9647	p0	idle		
D	9647	p3	idle		
D	9647	p5	idle		
D	9659	p1	idle		
D	9659	p2	idle		
D	9659	p4	idle		
D	9661	p0	idle		
D	9661	p3	idle		
D	9661	p5	idle		
D	9674	p1	idle		
D	9674	p2	idle		
D	9674	p4	idle		
D	9676	p0	idle		
D	9676	p3	idle		
D	9676	p5	idle		
D	9689	p1	idle		
D	9689	p2	idle		
D	9689	p4	idle		
D	9691	p3	idle		
D	9691	p5	idle		
D	9692	p0	idle		
D	9705	p1	idle		
D	9705	p2	idle		
D	9705	p4	idle		
D	9707	p3	idle		
D	9707	p5	idle		
D	9709	p0	idle		
D	9722	p1	interact	water_home_0	
D	9722	p2	interact	water_warehouse_4	
D	9722	p4	idle		
D	9724	p3	idle		
D	9724	p5	idle		
D	9727	p0	idle		
E	9732	interaction_done	p1	entity=water_home_0
E	9732	interaction_done	p2	entity=water_warehouse_4
D	9732	p1	idle		
D	9732	p2	idle		
D	9740	p4	idle		
D	9742	p3	interact	water_warehouse_5	
D	9742	p5	interact	water_warehouse_1	
D	9746	p0	interact	water_warehouse_0	
D	9751	p1	idle		
D	9751	p2	idle		
E	9752	interaction_done	p3	entity=water_warehouse_5
E	9752	interaction_done	p5	entity=water_warehouse_1
D	9752	p3	idle		
D	9752	p5	idle		
E	9756	interaction_done	p0	entity=water_warehouse_0
D	9756	p0	idle		
D	9760	p4	idle		
D	9771	p1	idle		
D	9771	p2	idle		
D	9772	p3	idle		
D	9772	p5	idle		
D	9777	p0	idle		
D	9781	p4	interact	water_warehouse_0	
E	9791	interaction_done	p4	entity=water_warehouse_0
D	9791	p4	idle		
D	9793	p1	idle		
D	9793	p2	idle		
D	9794	p3	idle		
D	9794	p5	idle		
D	9800	p0	idle		
D	9815	p4	idle		
D	9817	p1	idle		
D	9817	p2	idle		
D	9818	p3	idle		
D	9818	p5	idle		
D	9824	p0	idle		
D	9840	p4	idle		
D	9843	p1	idle		
D	9843	p2	idle		
D	9844	p3	idle		
D	9844	p5	idle		
D	9850	p0	idle		
D	9868	p4	idle		
D	9871	p1	idle		
D	9871	p2	idle		
D	9872	p3	idle		
D	9872	p5	idle		
D	9879	p0	idle		
D	9898	p4	idle		
D	9901	p1	idle		
D	9901	p2	idle		
D	9902	p3	idle		
D	9902	p5	idle		
D	9910	p0	idle		
D	9931	p4	idle		
D	9934	p1	idle		
D	9934	p2	idle		
D	9935	p3	idle		
D	9935	p5	idle		
D	9944	p0	idle		
D	9966	p4	idle		
D	9970	p1	idle		
D	9970	p2	idle		
D	9971	p3	idle		
D	9971	p5	idle		
D	9980	p0	idle		
D	10004	p4	idle		
D	10008	p1	idle		
D	10008	p2	idle		
D	10009	p3	idle		
D	10009	p5	idle		
D	10019	p0	idle		
D	10045	p4	idle		
D	10049	p1	idle		
D	10049	p2	idle		
D	10050	p3	idle		
D	10050	p5	idle		
D	10061	p0	idle		